07:59:36 **** Clean-only build of configuration Debug for project UART_Tx_Rx ****
make -j12 clean 
rm -rf ./Startup/startup_stm32f446retx.d ./Startup/startup_stm32f446retx.o
rm -rf ./Src/RccConfig.cyclo ./Src/RccConfig.d ./Src/RccConfig.o ./Src/RccConfig.su ./Src/delay.cyclo ./Src/delay.d ./Src/delay.o ./Src/delay.su ./Src/main.cyclo ./Src/main.d ./Src/main.o ./Src/main.su ./Src/syscalls.cyclo ./Src/syscalls.d ./Src/syscalls.o ./Src/syscalls.su ./Src/sysmem.cyclo ./Src/sysmem.d ./Src/sysmem.o ./Src/sysmem.su
rm -rf UART_Tx_Rx.elf UART_Tx_Rx.list UART_Tx_Rx.map default.size.stdout
 
07:59:37 **** Build of configuration Debug for project UART_Tx_Rx ****
make -j12 all 
arm-none-eabi-gcc -mcpu=cortex-m4 -g3 -DDEBUG -c -x assembler-with-cpp -MMD -MP -MF"Startup/startup_stm32f446retx.d" -MT"Startup/startup_stm32f446retx.o" --specs=nano.specs -mfpu=fpv4-sp-d16 -mfloat-abi=hard -mthumb -o "Startup/startup_stm32f446retx.o" "../Startup/startup_stm32f446retx.s"
arm-none-eabi-gcc "../Src/RccConfig.c" -mcpu=cortex-m4 -std=gnu11 -g3 -DDEBUG -DSTM32 -DSTM32F4 -DSTM32F446RETx -DNUCLEO_F446RE -c -I../Inc -I"C:/Users/Suman Gayen/OneDrive/Desktop/STM32/stm32F4_header/CMSIS/Core/Include" -I"C:/Users/Suman Gayen/OneDrive/Desktop/STM32/stm32F4_header/CMSIS/Device/ST/STM32F4xx/Include" -O0 -ffunction-sections -fdata-sections -Wall -fstack-usage -fcyclomatic-complexity -MMD -MP -MF"Src/RccConfig.d" -MT"Src/RccConfig.o" --specs=nano.specs -mfpu=fpv4-sp-d16 -mfloat-abi=hard -mthumb -o "Src/RccConfig.o"
arm-none-eabi-gcc "../Src/delay.c" -mcpu=cortex-m4 -std=gnu11 -g3 -DDEBUG -DSTM32 -DSTM32F4 -DSTM32F446RETx -DNUCLEO_F446RE -c -I../Inc -I"C:/Users/Suman Gayen/OneDrive/Desktop/STM32/stm32F4_header/CMSIS/Core/Include" -I"C:/Users/Suman Gayen/OneDrive/Desktop/STM32/stm32F4_header/CMSIS/Device/ST/STM32F4xx/Include" -O0 -ffunction-sections -fdata-sections -Wall -fstack-usage -fcyclomatic-complexity -MMD -MP -MF"Src/delay.d" -MT"Src/delay.o" --specs=nano.specs -mfpu=fpv4-sp-d16 -mfloat-abi=hard -mthumb -o "Src/delay.o"
arm-none-eabi-gcc "../Src/main.c" -mcpu=cortex-m4 -std=gnu11 -g3 -DDEBUG -DSTM32 -DSTM32F4 -DSTM32F446RETx -DNUCLEO_F446RE -c -I../Inc -I"C:/Users/Suman Gayen/OneDrive/Desktop/STM32/stm32F4_header/CMSIS/Core/Include" -I"C:/Users/Suman Gayen/OneDrive/Desktop/STM32/stm32F4_header/CMSIS/Device/ST/STM32F4xx/Include" -O0 -ffunction-sections -fdata-sections -Wall -fstack-usage -fcyclomatic-complexity -MMD -MP -MF"Src/main.d" -MT"Src/main.o" --specs=nano.specs -mfpu=fpv4-sp-d16 -mfloat-abi=hard -mthumb -o "Src/main.o"
arm-none-eabi-gcc "../Src/syscalls.c" -mcpu=cortex-m4 -std=gnu11 -g3 -DDEBUG -DSTM32 -DSTM32F4 -DSTM32F446RETx -DNUCLEO_F446RE -c -I../Inc -I"C:/Users/Suman Gayen/OneDrive/Desktop/STM32/stm32F4_header/CMSIS/Core/Include" -I"C:/Users/Suman Gayen/OneDrive/Desktop/STM32/stm32F4_header/CMSIS/Device/ST/STM32F4xx/Include" -O0 -ffunction-sections -fdata-sections -Wall -fstack-usage -fcyclomatic-complexity -MMD -MP -MF"Src/syscalls.d" -MT"Src/syscalls.o" --specs=nano.specs -mfpu=fpv4-sp-d16 -mfloat-abi=hard -mthumb -o "Src/syscalls.o"
arm-none-eabi-gcc "../Src/sysmem.c" -mcpu=cortex-m4 -std=gnu11 -g3 -DDEBUG -DSTM32 -DSTM32F4 -DSTM32F446RETx -DNUCLEO_F446RE -c -I../Inc -I"C:/Users/Suman Gayen/OneDrive/Desktop/STM32/stm32F4_header/CMSIS/Core/Include" -I"C:/Users/Suman Gayen/OneDrive/Desktop/STM32/stm32F4_header/CMSIS/Device/ST/STM32F4xx/Include" -O0 -ffunction-sections -fdata-sections -Wall -fstack-usage -fcyclomatic-complexity -MMD -MP -MF"Src/sysmem.d" -MT"Src/sysmem.o" --specs=nano.specs -mfpu=fpv4-sp-d16 -mfloat-abi=hard -mthumb -o "Src/sysmem.o"
arm-none-eabi-gcc -o "UART_Tx_Rx.elf" @"objects.list"   -mcpu=cortex-m4 -T"C:\Users\Suman Gayen\OneDrive\Desktop\STM32\Github\Register_Level_Porg\UART_Tx_Rx\STM32F446RETX_FLASH.ld" --specs=nosys.specs -Wl,-Map="UART_Tx_Rx.map" -Wl,--gc-sections -static --specs=nano.specs -mfpu=fpv4-sp-d16 -mfloat-abi=hard -mthumb -Wl,--start-group -lc -lm -Wl,--end-group
Finished building target: UART_Tx_Rx.elf
 
arm-none-eabi-size  UART_Tx_Rx.elf 
arm-none-eabi-objdump -h -S UART_Tx_Rx.elf  > "UART_Tx_Rx.list"
   text	   data	    bss	    dec	    hex	filename
   1352	      0	   1568	   2920	    b68	UART_Tx_Rx.elf
Finished building: default.size.stdout
 
Finished building: UART_Tx_Rx.list
 
07:59:52 **** Incremental Build of configuration Debug for project UART_Tx_Rx ****
make -j12 all 
arm-none-eabi-size  UART_Tx_Rx.elf 
   text	   data	    bss	    dec	    hex	filename
   1352	      0	   1568	   2920	    b68	UART_Tx_Rx.elf
Finished building: default.size.stdout
 
08:27:50 **** Incremental Build of configuration Debug for project UART_Tx_Rx ****
make -j12 all 
arm-none-eabi-size  UART_Tx_Rx.elf 
   text	   data	    bss	    dec	    hex	filename
   1352	      0	   1568	   2920	    b68	UART_Tx_Rx.elf
Finished building: default.size.stdout
 
