07:35:29 **** Incremental Build of configuration Debug for project Timer_Delay ****
make -j12 all 
arm-none-eabi-gcc "../Src/RccConfig.c" -mcpu=cortex-m4 -std=gnu11 -g3 -DDEBUG -DSTM32 -DSTM32F4 -DSTM32F446RETx -DNUCLEO_F446RE -c -I../Inc -I"C:/Users/Suman Gayen/OneDrive/Desktop/STM32/stm32F4_header/CMSIS/Device/ST/STM32F4xx/Include" -I"C:/Users/Suman Gayen/OneDrive/Desktop/STM32/stm32F4_header/CMSIS/Core/Include" -O0 -ffunction-sections -fdata-sections -Wall -fstack-usage -fcyclomatic-complexity -MMD -MP -MF"Src/RccConfig.d" -MT"Src/RccConfig.o" --specs=nano.specs -mfpu=fpv4-sp-d16 -mfloat-abi=hard -mthumb -o "Src/RccConfig.o"
arm-none-eabi-gcc -o "Timer_Delay.elf" @"objects.list"   -mcpu=cortex-m4 -T"C:\Users\Suman Gayen\OneDrive\Desktop\STM32\Github\Register_Level_Porg\Timer_Delay\STM32F446RETX_FLASH.ld" --specs=nosys.specs -Wl,-Map="Timer_Delay.map" -Wl,--gc-sections -static --specs=nano.specs -mfpu=fpv4-sp-d16 -mfloat-abi=hard -mthumb -Wl,--start-group -lc -lm -Wl,--end-group
Finished building target: Timer_Delay.elf
 
arm-none-eabi-size  Timer_Delay.elf 
arm-none-eabi-objdump -h -S Timer_Delay.elf  > "Timer_Delay.list"
   text	   data	    bss	    dec	    hex	filename
   1220	      0	   1568	   2788	    ae4	Timer_Delay.elf
Finished building: default.size.stdout
 
Finished building: Timer_Delay.list
 

07:35:31 Build Finished. 0 errors, 0 warnings. (took 2s.281ms)

