23:55:14 **** Incremental Build of configuration Debug for project UART_Tx_Rx ****
make -j12 all 
arm-none-eabi-gcc "../Src/RccConfig.c" -mcpu=cortex-m4 -std=gnu11 -g3 -DDEBUG -DSTM32 -DSTM32F4 -DSTM32F446RETx -DNUCLEO_F446RE -c -I../Inc -I"C:/Users/Suman Gayen/OneDrive/Desktop/STM32/stm32F4_header/CMSIS/Core/Include" -I"C:/Users/Suman Gayen/OneDrive/Desktop/STM32/stm32F4_header/CMSIS/Device/ST/STM32F4xx/Include" -O0 -ffunction-sections -fdata-sections -Wall -fstack-usage -fcyclomatic-complexity -MMD -MP -MF"Src/RccConfig.d" -MT"Src/RccConfig.o" --specs=nano.specs -mfpu=fpv4-sp-d16 -mfloat-abi=hard -mthumb -o "Src/RccConfig.o"
arm-none-eabi-gcc -o "UART_Tx_Rx.elf" @"objects.list"   -mcpu=cortex-m4 -T"C:\Users\Suman Gayen\OneDrive\Desktop\STM32\Github\Register_Level_Porg\UART_Tx_Rx\STM32F446RETX_FLASH.ld" --specs=nosys.specs -Wl,-Map="UART_Tx_Rx.map" -Wl,--gc-sections -static --specs=nano.specs -mfpu=fpv4-sp-d16 -mfloat-abi=hard -mthumb -Wl,--start-group -lc -lm -Wl,--end-group
Finished building target: UART_Tx_Rx.elf
 
arm-none-eabi-size  UART_Tx_Rx.elf 
arm-none-eabi-objdump -h -S UART_Tx_Rx.elf  > "UART_Tx_Rx.list"
   text	   data	    bss	    dec	    hex	filename
   1352	      0	   1568	   2920	    b68	UART_Tx_Rx.elf
Finished building: default.size.stdout
 
Finished building: UART_Tx_Rx.list
 

23:55:16 Build Finished. 0 errors, 0 warnings. (took 2s.15ms)

